[    4240ms] [INFO] %cDownload the React DevTools for a better development experience: https://reactjs.org/link/react-devtools font-weight:bold @ webpack-internal:///(app-pages-browser)/./node_modules/next/dist/compiled/react-dom/cjs/react-dom.development.js:38559
[    5286ms] [ERROR] Failed to load resource: the server responded with a status of 404 (Not Found) @ http://localhost:3002/favicon.ico:0
[    6100ms] [WARNING] THREE.Clock: This module has been deprecated. Please use THREE.Timer instead. @ webpack-internal:///(app-pages-browser)/./node_modules/three/build/three.core.js:1969
[    6409ms] TypeError: Cannot read properties of undefined (reading 'length')
    at eval (webpack-internal:///(app-pages-browser)/./node_modules/@react-three/postprocessing/dist/index.js:154:34)
    at commitHookEffectListMount (webpack-internal:///(app-pages-browser)/./node_modules/react-reconciler/cjs/react-reconciler.development.js:14664:26)
    at commitLayoutEffectOnFiber (webpack-internal:///(app-pages-browser)/./node_modules/react-reconciler/cjs/react-reconciler.development.js:14776:17)
    at commitLayoutMountEffects_complete (webpack-internal:///(app-pages-browser)/./node_modules/react-reconciler/cjs/react-reconciler.development.js:16285:9)
    at commitLayoutEffects_begin (webpack-internal:///(app-pages-browser)/./node_modules/react-reconciler/cjs/react-reconciler.development.js:16271:7)
    at commitLayoutEffects_begin (webpack-internal:///(app-pages-browser)/./node_modules/react-reconciler/cjs/react-reconciler.development.js:16253:11)
    at commitLayoutEffects_begin (webpack-internal:///(app-pages-browser)/./node_modules/react-reconciler/cjs/react-reconciler.development.js:16253:11)
    at commitLayoutEffects (webpack-internal:///(app-pages-browser)/./node_modules/react-reconciler/cjs/react-reconciler.development.js:16209:3)
    at commitRootImpl (webpack-internal:///(app-pages-browser)/./node_modules/react-reconciler/cjs/react-reconciler.development.js:18940:5)
    at commitRoot (webpack-internal:///(app-pages-browser)/./node_modules/react-reconciler/cjs/react-reconciler.development.js:18806:5)
    at finishConcurrentRender (webpack-internal:///(app-pages-browser)/./node_modules/react-reconciler/cjs/react-reconciler.development.js:18074:9)
    at performConcurrentWorkOnRoot (webpack-internal:///(app-pages-browser)/./node_modules/react-reconciler/cjs/react-reconciler.development.js:17902:7)
    at workLoop (webpack-internal:///(app-pages-browser)/./node_modules/react-reconciler/node_modules/scheduler/cjs/scheduler.development.js:266:34)
    at flushWork (webpack-internal:///(app-pages-browser)/./node_modules/react-reconciler/node_modules/scheduler/cjs/scheduler.development.js:239:14)
    at MessagePort.performWorkUntilDeadline (webpack-internal:///(app-pages-browser)/./node_modules/react-reconciler/node_modules/scheduler/cjs/scheduler.development.js:533:21)
[    6429ms] [ERROR] The above error occurred in the <ForwardRef> component:

    at eval (webpack-internal:///(app-pages-browser)/./node_modules/@react-three/postprocessing/dist/index.js:111:21)
    at Suspense
    at Suspense
    at ErrorBoundary (webpack-internal:///(app-pages-browser)/./node_modules/@react-three/fiber/dist/events-321b05fb.esm.js:450:9)
    at FiberProvider (webpack-internal:///(app-pages-browser)/./node_modules/its-fine/dist/index.js:80:1)
    at Provider (webpack-internal:///(app-pages-browser)/./node_modules/@react-three/fiber/dist/events-321b05fb.esm.js:2008:11)

React will try to recreate this component tree from scratch using the error boundary you provided, ErrorBoundary. @ webpack-internal:///(app-pages-browser)/./node_modules/next/dist/client/app-index.js:32
[    6449ms] [ERROR] Warning: Cannot update a component (`%s`) while rendering a different component (`%s`). To locate the bad setState() call inside `%s`, follow the stack trace as described in https://reactjs.org/link/setstate-in-render%s HotReload ForwardRef(Canvas) ForwardRef(Canvas) 
    at Canvas (webpack-internal:///(app-pages-browser)/./node_modules/@react-three/fiber/dist/react-three-fiber.esm.js:274:11)
    at FiberProvider (webpack-internal:///(app-pages-browser)/./node_modules/its-fine/dist/index.js:80:1)
    at CanvasWrapper
    at div
    at MainScene (webpack-internal:///(app-pages-browser)/./components/Scene/MainScene.tsx:37:67)
    at BailoutToCSR (webpack-internal:///(app-pages-browser)/./node_modules/next/dist/shared/lib/lazy-dynamic/dynamic-bailout-to-csr.js:13:11)
    at Suspense
    at LoadableComponent
    at DynamicMainScene
    at body
    at html
    at RootLayout (Server)
    at RedirectErrorBoundary (webpack-internal:///(app-pages-browser)/./node_modules/next/dist/client/components/redirect-boundary.js:74:9)
    at RedirectBoundary (webpack-internal:///(app-pages-browser)/./node_modules/next/dist/client/components/redirect-boundary.js:82:11)
    at NotFoundErrorBoundary (webpack-internal:///(app-pages-browser)/./node_modules/next/dist/client/components/not-found-boundary.js:76:9)
    at NotFoundBoundary (webpack-internal:///(app-pages-browser)/./node_modules/next/dist/client/components/not-found-boundary.js:84:11)
    at DevRootNotFoundBoundary (webpack-internal:///(app-pages-browser)/./node_modules/next/dist/client/components/dev-root-not-found-boundary.js:33:11)
    at ReactDevOverlay (webpack-internal:///(app-pages-browser)/./node_modules/next/dist/client/components/react-dev-overlay/app/ReactDevOverlay.js:87:9)
    at HotReload (webpack-internal:///(app-pages-browser)/./node_modules/next/dist/client/components/react-dev-overlay/app/hot-reloader-client.js:321:11)
    at Router (webpack-internal:///(app-pages-browser)/./node_modules/next/dist/client/components/app-router.js:207:11)
    at ErrorBoundaryHandler (webpack-internal:///(app-pages-browser)/./node_modules/next/dist/client/components/error-boundary.js:113:9)
    at ErrorBoundary (webpack-internal:///(app-pages-browser)/./node_modules/next/dist/client/components/error-boundary.js:160:11)
    at AppRouter (webpack-internal:///(app-pages-browser)/./node_modules/next/dist/client/components/app-router.js:585:13)
    at ServerRoot (webpack-internal:///(app-pages-browser)/./node_modules/next/dist/client/app-index.js:112:27)
    at Root (webpack-internal:///(app-pages-browser)/./node_modules/next/dist/client/app-index.js:117:11) @ webpack-internal:///(app-pages-browser)/./node_modules/next/dist/client/app-index.js:32
[    6453ms] TypeError: Cannot read properties of undefined (reading 'length')
    at eval (webpack-internal:///(app-pages-browser)/./node_modules/@react-three/postprocessing/dist/index.js:154:34)
    at commitHookEffectListMount (webpack-internal:///(app-pages-browser)/./node_modules/react-reconciler/cjs/react-reconciler.development.js:14664:26)
    at commitLayoutEffectOnFiber (webpack-internal:///(app-pages-browser)/./node_modules/react-reconciler/cjs/react-reconciler.development.js:14776:17)
    at commitLayoutMountEffects_complete (webpack-internal:///(app-pages-browser)/./node_modules/react-reconciler/cjs/react-reconciler.development.js:16285:9)
    at commitLayoutEffects_begin (webpack-internal:///(app-pages-browser)/./node_modules/react-reconciler/cjs/react-reconciler.development.js:16271:7)
    at commitLayoutEffects_begin (webpack-internal:///(app-pages-browser)/./node_modules/react-reconciler/cjs/react-reconciler.development.js:16253:11)
    at commitLayoutEffects_begin (webpack-internal:///(app-pages-browser)/./node_modules/react-reconciler/cjs/react-reconciler.development.js:16253:11)
    at commitLayoutEffects (webpack-internal:///(app-pages-browser)/./node_modules/react-reconciler/cjs/react-reconciler.development.js:16209:3)
    at commitRootImpl (webpack-internal:///(app-pages-browser)/./node_modules/react-reconciler/cjs/react-reconciler.development.js:18940:5)
    at commitRoot (webpack-internal:///(app-pages-browser)/./node_modules/react-reconciler/cjs/react-reconciler.development.js:18806:5)
    at finishConcurrentRender (webpack-internal:///(app-pages-browser)/./node_modules/react-reconciler/cjs/react-reconciler.development.js:18074:9)
    at performConcurrentWorkOnRoot (webpack-internal:///(app-pages-browser)/./node_modules/react-reconciler/cjs/react-reconciler.development.js:17902:7)
    at workLoop (webpack-internal:///(app-pages-browser)/./node_modules/react-reconciler/node_modules/scheduler/cjs/scheduler.development.js:266:34)
    at flushWork (webpack-internal:///(app-pages-browser)/./node_modules/react-reconciler/node_modules/scheduler/cjs/scheduler.development.js:239:14)
    at MessagePort.performWorkUntilDeadline (webpack-internal:///(app-pages-browser)/./node_modules/react-reconciler/node_modules/scheduler/cjs/scheduler.development.js:533:21)
[    6453ms] TypeError: Cannot read properties of undefined (reading 'length')
    at eval (webpack-internal:///(app-pages-browser)/./node_modules/@react-three/postprocessing/dist/index.js:154:34)
    at commitHookEffectListMount (webpack-internal:///(app-pages-browser)/./node_modules/react-reconciler/cjs/react-reconciler.development.js:14664:26)
    at commitLayoutEffectOnFiber (webpack-internal:///(app-pages-browser)/./node_modules/react-reconciler/cjs/react-reconciler.development.js:14776:17)
    at commitLayoutMountEffects_complete (webpack-internal:///(app-pages-browser)/./node_modules/react-reconciler/cjs/react-reconciler.development.js:16285:9)
    at commitLayoutEffects_begin (webpack-internal:///(app-pages-browser)/./node_modules/react-reconciler/cjs/react-reconciler.development.js:16271:7)
    at commitLayoutEffects_begin (webpack-internal:///(app-pages-browser)/./node_modules/react-reconciler/cjs/react-reconciler.development.js:16253:11)
    at commitLayoutEffects_begin (webpack-internal:///(app-pages-browser)/./node_modules/react-reconciler/cjs/react-reconciler.development.js:16253:11)
    at commitLayoutEffects (webpack-internal:///(app-pages-browser)/./node_modules/react-reconciler/cjs/react-reconciler.development.js:16209:3)
    at commitRootImpl (webpack-internal:///(app-pages-browser)/./node_modules/react-reconciler/cjs/react-reconciler.development.js:18940:5)
    at commitRoot (webpack-internal:///(app-pages-browser)/./node_modules/react-reconciler/cjs/react-reconciler.development.js:18806:5)
    at finishConcurrentRender (webpack-internal:///(app-pages-browser)/./node_modules/react-reconciler/cjs/react-reconciler.development.js:18074:9)
    at performConcurrentWorkOnRoot (webpack-internal:///(app-pages-browser)/./node_modules/react-reconciler/cjs/react-reconciler.development.js:17902:7)
    at workLoop (webpack-internal:///(app-pages-browser)/./node_modules/react-reconciler/node_modules/scheduler/cjs/scheduler.development.js:266:34)
    at flushWork (webpack-internal:///(app-pages-browser)/./node_modules/react-reconciler/node_modules/scheduler/cjs/scheduler.development.js:239:14)
    at MessagePort.performWorkUntilDeadline (webpack-internal:///(app-pages-browser)/./node_modules/react-reconciler/node_modules/scheduler/cjs/scheduler.development.js:533:21)
[    6454ms] TypeError: Cannot read properties of undefined (reading 'length')
    at eval (webpack-internal:///(app-pages-browser)/./node_modules/@react-three/postprocessing/dist/index.js:154:34)
    at commitHookEffectListMount (webpack-internal:///(app-pages-browser)/./node_modules/react-reconciler/cjs/react-reconciler.development.js:14664:26)
    at commitLayoutEffectOnFiber (webpack-internal:///(app-pages-browser)/./node_modules/react-reconciler/cjs/react-reconciler.development.js:14776:17)
    at commitLayoutMountEffects_complete (webpack-internal:///(app-pages-browser)/./node_modules/react-reconciler/cjs/react-reconciler.development.js:16285:9)
    at commitLayoutEffects_begin (webpack-internal:///(app-pages-browser)/./node_modules/react-reconciler/cjs/react-reconciler.development.js:16271:7)
    at commitLayoutEffects_begin (webpack-internal:///(app-pages-browser)/./node_modules/react-reconciler/cjs/react-reconciler.development.js:16253:11)
    at commitLayoutEffects_begin (webpack-internal:///(app-pages-browser)/./node_modules/react-reconciler/cjs/react-reconciler.development.js:16253:11)
    at commitLayoutEffects (webpack-internal:///(app-pages-browser)/./node_modules/react-reconciler/cjs/react-reconciler.development.js:16209:3)
    at commitRootImpl (webpack-internal:///(app-pages-browser)/./node_modules/react-reconciler/cjs/react-reconciler.development.js:18940:5)
    at commitRoot (webpack-internal:///(app-pages-browser)/./node_modules/react-reconciler/cjs/react-reconciler.development.js:18806:5)
    at finishConcurrentRender (webpack-internal:///(app-pages-browser)/./node_modules/react-reconciler/cjs/react-reconciler.development.js:18074:9)
    at performConcurrentWorkOnRoot (webpack-internal:///(app-pages-browser)/./node_modules/react-reconciler/cjs/react-reconciler.development.js:17902:7)
    at workLoop (webpack-internal:///(app-pages-browser)/./node_modules/react-reconciler/node_modules/scheduler/cjs/scheduler.development.js:266:34)
    at flushWork (webpack-internal:///(app-pages-browser)/./node_modules/react-reconciler/node_modules/scheduler/cjs/scheduler.development.js:239:14)
    at MessagePort.performWorkUntilDeadline (webpack-internal:///(app-pages-browser)/./node_modules/react-reconciler/node_modules/scheduler/cjs/scheduler.development.js:533:21)
[    6455ms] TypeError: Cannot read properties of undefined (reading 'length')
    at eval (webpack-internal:///(app-pages-browser)/./node_modules/@react-three/postprocessing/dist/index.js:154:34)
    at commitHookEffectListMount (webpack-internal:///(app-pages-browser)/./node_modules/react-reconciler/cjs/react-reconciler.development.js:14664:26)
    at commitLayoutEffectOnFiber (webpack-internal:///(app-pages-browser)/./node_modules/react-reconciler/cjs/react-reconciler.development.js:14776:17)
    at commitLayoutMountEffects_complete (webpack-internal:///(app-pages-browser)/./node_modules/react-reconciler/cjs/react-reconciler.development.js:16285:9)
    at commitLayoutEffects_begin (webpack-internal:///(app-pages-browser)/./node_modules/react-reconciler/cjs/react-reconciler.development.js:16271:7)
    at commitLayoutEffects_begin (webpack-internal:///(app-pages-browser)/./node_modules/react-reconciler/cjs/react-reconciler.development.js:16253:11)
    at commitLayoutEffects_begin (webpack-internal:///(app-pages-browser)/./node_modules/react-reconciler/cjs/react-reconciler.development.js:16253:11)
    at commitLayoutEffects (webpack-internal:///(app-pages-browser)/./node_modules/react-reconciler/cjs/react-reconciler.development.js:16209:3)
    at commitRootImpl (webpack-internal:///(app-pages-browser)/./node_modules/react-reconciler/cjs/react-reconciler.development.js:18940:5)
    at commitRoot (webpack-internal:///(app-pages-browser)/./node_modules/react-reconciler/cjs/react-reconciler.development.js:18806:5)
    at finishConcurrentRender (webpack-internal:///(app-pages-browser)/./node_modules/react-reconciler/cjs/react-reconciler.development.js:18074:9)
    at performConcurrentWorkOnRoot (webpack-internal:///(app-pages-browser)/./node_modules/react-reconciler/cjs/react-reconciler.development.js:17902:7)
    at workLoop (webpack-internal:///(app-pages-browser)/./node_modules/react-reconciler/node_modules/scheduler/cjs/scheduler.development.js:266:34)
    at flushWork (webpack-internal:///(app-pages-browser)/./node_modules/react-reconciler/node_modules/scheduler/cjs/scheduler.development.js:239:14)
    at MessagePort.performWorkUntilDeadline (webpack-internal:///(app-pages-browser)/./node_modules/react-reconciler/node_modules/scheduler/cjs/scheduler.development.js:533:21)
[    6455ms] TypeError: Cannot read properties of undefined (reading 'length')
    at eval (webpack-internal:///(app-pages-browser)/./node_modules/@react-three/postprocessing/dist/index.js:154:34)
    at commitHookEffectListMount (webpack-internal:///(app-pages-browser)/./node_modules/react-reconciler/cjs/react-reconciler.development.js:14664:26)
    at commitLayoutEffectOnFiber (webpack-internal:///(app-pages-browser)/./node_modules/react-reconciler/cjs/react-reconciler.development.js:14776:17)
    at commitLayoutMountEffects_complete (webpack-internal:///(app-pages-browser)/./node_modules/react-reconciler/cjs/react-reconciler.development.js:16285:9)
    at commitLayoutEffects_begin (webpack-internal:///(app-pages-browser)/./node_modules/react-reconciler/cjs/react-reconciler.development.js:16271:7)
    at commitLayoutEffects_begin (webpack-internal:///(app-pages-browser)/./node_modules/react-reconciler/cjs/react-reconciler.development.js:16253:11)
    at commitLayoutEffects_begin (webpack-internal:///(app-pages-browser)/./node_modules/react-reconciler/cjs/react-reconciler.development.js:16253:11)
    at commitLayoutEffects (webpack-internal:///(app-pages-browser)/./node_modules/react-reconciler/cjs/react-reconciler.development.js:16209:3)
    at commitRootImpl (webpack-internal:///(app-pages-browser)/./node_modules/react-reconciler/cjs/react-reconciler.development.js:18940:5)
    at commitRoot (webpack-internal:///(app-pages-browser)/./node_modules/react-reconciler/cjs/react-reconciler.development.js:18806:5)
    at finishConcurrentRender (webpack-internal:///(app-pages-browser)/./node_modules/react-reconciler/cjs/react-reconciler.development.js:18074:9)
    at performConcurrentWorkOnRoot (webpack-internal:///(app-pages-browser)/./node_modules/react-reconciler/cjs/react-reconciler.development.js:17902:7)
    at workLoop (webpack-internal:///(app-pages-browser)/./node_modules/react-reconciler/node_modules/scheduler/cjs/scheduler.development.js:266:34)
    at flushWork (webpack-internal:///(app-pages-browser)/./node_modules/react-reconciler/node_modules/scheduler/cjs/scheduler.development.js:239:14)
    at MessagePort.performWorkUntilDeadline (webpack-internal:///(app-pages-browser)/./node_modules/react-reconciler/node_modules/scheduler/cjs/scheduler.development.js:533:21)
[    6456ms] TypeError: Cannot read properties of undefined (reading 'length')
    at eval (webpack-internal:///(app-pages-browser)/./node_modules/@react-three/postprocessing/dist/index.js:154:34)
    at commitHookEffectListMount (webpack-internal:///(app-pages-browser)/./node_modules/react-reconciler/cjs/react-reconciler.development.js:14664:26)
    at commitLayoutEffectOnFiber (webpack-internal:///(app-pages-browser)/./node_modules/react-reconciler/cjs/react-reconciler.development.js:14776:17)
    at commitLayoutMountEffects_complete (webpack-internal:///(app-pages-browser)/./node_modules/react-reconciler/cjs/react-reconciler.development.js:16285:9)
    at commitLayoutEffects_begin (webpack-internal:///(app-pages-browser)/./node_modules/react-reconciler/cjs/react-reconciler.development.js:16271:7)
    at commitLayoutEffects_begin (webpack-internal:///(app-pages-browser)/./node_modules/react-reconciler/cjs/react-reconciler.development.js:16253:11)
    at commitLayoutEffects_begin (webpack-internal:///(app-pages-browser)/./node_modules/react-reconciler/cjs/react-reconciler.development.js:16253:11)
    at commitLayoutEffects (webpack-internal:///(app-pages-browser)/./node_modules/react-reconciler/cjs/react-reconciler.development.js:16209:3)
    at commitRootImpl (webpack-internal:///(app-pages-browser)/./node_modules/react-reconciler/cjs/react-reconciler.development.js:18940:5)
    at commitRoot (webpack-internal:///(app-pages-browser)/./node_modules/react-reconciler/cjs/react-reconciler.development.js:18806:5)
    at finishConcurrentRender (webpack-internal:///(app-pages-browser)/./node_modules/react-reconciler/cjs/react-reconciler.development.js:18074:9)
    at performConcurrentWorkOnRoot (webpack-internal:///(app-pages-browser)/./node_modules/react-reconciler/cjs/react-reconciler.development.js:17902:7)
    at workLoop (webpack-internal:///(app-pages-browser)/./node_modules/react-reconciler/node_modules/scheduler/cjs/scheduler.development.js:266:34)
    at flushWork (webpack-internal:///(app-pages-browser)/./node_modules/react-reconciler/node_modules/scheduler/cjs/scheduler.development.js:239:14)
    at MessagePort.performWorkUntilDeadline (webpack-internal:///(app-pages-browser)/./node_modules/react-reconciler/node_modules/scheduler/cjs/scheduler.development.js:533:21)
[    6465ms] [ERROR] The above error occurred in the <NotFoundErrorBoundary> component:

    at Canvas (webpack-internal:///(app-pages-browser)/./node_modules/@react-three/fiber/dist/react-three-fiber.esm.js:274:11)
    at FiberProvider (webpack-internal:///(app-pages-browser)/./node_modules/its-fine/dist/index.js:80:1)
    at CanvasWrapper
    at div
    at MainScene (webpack-internal:///(app-pages-browser)/./components/Scene/MainScene.tsx:37:67)
    at BailoutToCSR (webpack-internal:///(app-pages-browser)/./node_modules/next/dist/shared/lib/lazy-dynamic/dynamic-bailout-to-csr.js:13:11)
    at Suspense
    at LoadableComponent
    at DynamicMainScene
    at body
    at html
    at RootLayout (Server)
    at RedirectErrorBoundary (webpack-internal:///(app-pages-browser)/./node_modules/next/dist/client/components/redirect-boundary.js:74:9)
    at RedirectBoundary (webpack-internal:///(app-pages-browser)/./node_modules/next/dist/client/components/redirect-boundary.js:82:11)
    at NotFoundErrorBoundary (webpack-internal:///(app-pages-browser)/./node_modules/next/dist/client/components/not-found-boundary.js:76:9)
    at NotFoundBoundary (webpack-internal:///(app-pages-browser)/./node_modules/next/dist/client/components/not-found-boundary.js:84:11)
    at DevRootNotFoundBoundary (webpack-internal:///(app-pages-browser)/./node_modules/next/dist/client/components/dev-root-not-found-boundary.js:33:11)
    at ReactDevOverlay (webpack-internal:///(app-pages-browser)/./node_modules/next/dist/client/components/react-dev-overlay/app/ReactDevOverlay.js:87:9)
    at HotReload (webpack-internal:///(app-pages-browser)/./node_modules/next/dist/client/components/react-dev-overlay/app/hot-reloader-client.js:321:11)
    at Router (webpack-internal:///(app-pages-browser)/./node_modules/next/dist/client/components/app-router.js:207:11)
    at ErrorBoundaryHandler (webpack-internal:///(app-pages-browser)/./node_modules/next/dist/client/components/error-boundary.js:113:9)
    at ErrorBoundary (webpack-internal:///(app-pages-browser)/./node_modules/next/dist/client/components/error-boundary.js:160:11)
    at AppRouter (webpack-internal:///(app-pages-browser)/./node_modules/next/dist/client/components/app-router.js:585:13)
    at ServerRoot (webpack-internal:///(app-pages-browser)/./node_modules/next/dist/client/app-index.js:112:27)
    at Root (webpack-internal:///(app-pages-browser)/./node_modules/next/dist/client/app-index.js:117:11)

React will try to recreate this component tree from scratch using the error boundary you provided, ReactDevOverlay. @ webpack-internal:///(app-pages-browser)/./node_modules/next/dist/client/app-index.js:32
[    7004ms] [LOG] THREE.WebGLRenderer: Context Lost. @ webpack-internal:///(app-pages-browser)/./node_modules/three/build/three.core.js:1927
[  105000ms] [LOG] [Fast Refresh] rebuilding @ webpack-internal:///(app-pages-browser)/./node_modules/next/dist/client/components/react-dev-overlay/app/hot-reloader-client.js:186
[  108082ms] [WARNING] [Fast Refresh] performing full reload because your application had an unrecoverable error @ webpack-internal:///(app-pages-browser)/./node_modules/next/dist/client/components/react-dev-overlay/app/hot-reloader-client.js:114
[  108569ms] [INFO] %cDownload the React DevTools for a better development experience: https://reactjs.org/link/react-devtools font-weight:bold @ webpack-internal:///(app-pages-browser)/./node_modules/next/dist/compiled/react-dom/cjs/react-dom.development.js:38559
[  109633ms] [WARNING] THREE.Clock: This module has been deprecated. Please use THREE.Timer instead. @ webpack-internal:///(app-pages-browser)/./node_modules/three/build/three.core.js:1969
[  110069ms] [WARNING] THREE.WebGLShadowMap: PCFSoftShadowMap has been deprecated. Using PCFShadowMap instead. @ webpack-internal:///(app-pages-browser)/./node_modules/three/build/three.core.js:1969
